Tabelle
s1,s2,s3,testwert,Peter,Panda,FAHRRad
ersterWert,etwas,Keks,Wochenende,Hallo,toll,123,Klaus/n,ging,gestern///,zum,Bäcker,u1/m,Lotto,zu,spielen,/\, er,erhofft,sich,Gewinne,in,höhe,von,30,Millionen,/!, ,Nichts
